Archive member included to satisfy reference by file (symbol)

/Applications/ARM/bin/../lib/gcc/arm-none-eabi/10.3.1/thumb/v7e-m/nofp/libgcc.a(_aeabi_uldivmod.o)
                              CMakeFiles/OLED_Display_for_STM32.elf.dir/Drivers/STM32L4xx_HAL_Driver/Src/stm32l4xx_hal_uart.c.obj (__aeabi_uldivmod)
/Applications/ARM/bin/../lib/gcc/arm-none-eabi/10.3.1/thumb/v7e-m/nofp/libgcc.a(_udivmoddi4.o)
                              /Applications/ARM/bin/../lib/gcc/arm-none-eabi/10.3.1/thumb/v7e-m/nofp/libgcc.a(_aeabi_uldivmod.o) (__udivmoddi4)
/Applications/ARM/bin/../lib/gcc/arm-none-eabi/10.3.1/thumb/v7e-m/nofp/libgcc.a(_dvmd_tls.o)
                              /Applications/ARM/bin/../lib/gcc/arm-none-eabi/10.3.1/thumb/v7e-m/nofp/libgcc.a(_aeabi_uldivmod.o) (__aeabi_ldiv0)
/Applications/ARM/bin/../lib/gcc/arm-none-eabi/10.3.1/../../../../arm-none-eabi/lib/thumb/v7e-m/nofp/libg.a(lib_a-errno.o)
                              CMakeFiles/OLED_Display_for_STM32.elf.dir/Core/Src/syscalls.c.obj (__errno)
/Applications/ARM/bin/../lib/gcc/arm-none-eabi/10.3.1/../../../../arm-none-eabi/lib/thumb/v7e-m/nofp/libg.a(lib_a-exit.o)
                              /Applications/ARM/bin/../lib/gcc/arm-none-eabi/10.3.1/../../../../arm-none-eabi/lib/thumb/v7e-m/nofp/crt0.o (exit)
/Applications/ARM/bin/../lib/gcc/arm-none-eabi/10.3.1/../../../../arm-none-eabi/lib/thumb/v7e-m/nofp/libg.a(lib_a-impure.o)
                              /Applications/ARM/bin/../lib/gcc/arm-none-eabi/10.3.1/../../../../arm-none-eabi/lib/thumb/v7e-m/nofp/libg.a(lib_a-exit.o) (_global_impure_ptr)
/Applications/ARM/bin/../lib/gcc/arm-none-eabi/10.3.1/../../../../arm-none-eabi/lib/thumb/v7e-m/nofp/libg.a(lib_a-init.o)
                              /Applications/ARM/bin/../lib/gcc/arm-none-eabi/10.3.1/../../../../arm-none-eabi/lib/thumb/v7e-m/nofp/crt0.o (__libc_init_array)
/Applications/ARM/bin/../lib/gcc/arm-none-eabi/10.3.1/../../../../arm-none-eabi/lib/thumb/v7e-m/nofp/libg.a(lib_a-memset.o)
                              /Applications/ARM/bin/../lib/gcc/arm-none-eabi/10.3.1/../../../../arm-none-eabi/lib/thumb/v7e-m/nofp/crt0.o (memset)
/Applications/ARM/bin/../lib/gcc/arm-none-eabi/10.3.1/../../../../arm-none-eabi/lib/thumb/v7e-m/nofp/libg.a(lib_a-__call_atexit.o)
                              /Applications/ARM/bin/../lib/gcc/arm-none-eabi/10.3.1/../../../../arm-none-eabi/lib/thumb/v7e-m/nofp/libg.a(lib_a-exit.o) (__call_exitprocs)
/Applications/ARM/bin/../lib/gcc/arm-none-eabi/10.3.1/../../../../arm-none-eabi/lib/thumb/v7e-m/nofp/libg.a(lib_a-atexit.o)
                              /Applications/ARM/bin/../lib/gcc/arm-none-eabi/10.3.1/../../../../arm-none-eabi/lib/thumb/v7e-m/nofp/libg.a(lib_a-__call_atexit.o) (atexit)
/Applications/ARM/bin/../lib/gcc/arm-none-eabi/10.3.1/../../../../arm-none-eabi/lib/thumb/v7e-m/nofp/libg.a(lib_a-fini.o)
                              /Applications/ARM/bin/../lib/gcc/arm-none-eabi/10.3.1/../../../../arm-none-eabi/lib/thumb/v7e-m/nofp/libg.a(lib_a-__call_atexit.o) (__libc_fini_array)
/Applications/ARM/bin/../lib/gcc/arm-none-eabi/10.3.1/../../../../arm-none-eabi/lib/thumb/v7e-m/nofp/libg.a(lib_a-lock.o)
                              /Applications/ARM/bin/../lib/gcc/arm-none-eabi/10.3.1/../../../../arm-none-eabi/lib/thumb/v7e-m/nofp/libg.a(lib_a-__call_atexit.o) (__retarget_lock_acquire_recursive)
/Applications/ARM/bin/../lib/gcc/arm-none-eabi/10.3.1/../../../../arm-none-eabi/lib/thumb/v7e-m/nofp/libg.a(lib_a-__atexit.o)
                              /Applications/ARM/bin/../lib/gcc/arm-none-eabi/10.3.1/../../../../arm-none-eabi/lib/thumb/v7e-m/nofp/libg.a(lib_a-atexit.o) (__register_exitproc)

Discarded input sections

 .text          0x0000000000000000        0x0 /Applications/ARM/bin/../lib/gcc/arm-none-eabi/10.3.1/thumb/v7e-m/nofp/crti.o
 .data          0x0000000000000000        0x0 /Applications/ARM/bin/../lib/gcc/arm-none-eabi/10.3.1/thumb/v7e-m/nofp/crti.o
 .bss           0x0000000000000000        0x0 /Applications/ARM/bin/../lib/gcc/arm-none-eabi/10.3.1/thumb/v7e-m/nofp/crti.o
 .data          0x0000000000000000        0x4 /Applications/ARM/bin/../lib/gcc/arm-none-eabi/10.3.1/thumb/v7e-m/nofp/crtbegin.o
 .rodata        0x0000000000000000       0x24 /Applications/ARM/bin/../lib/gcc/arm-none-eabi/10.3.1/thumb/v7e-m/nofp/crtbegin.o
 .text          0x0000000000000000       0x7c /Applications/ARM/bin/../lib/gcc/arm-none-eabi/10.3.1/../../../../arm-none-eabi/lib/thumb/v7e-m/nofp/crt0.o
 .data          0x0000000000000000        0x0 /Applications/ARM/bin/../lib/gcc/arm-none-eabi/10.3.1/../../../../arm-none-eabi/lib/thumb/v7e-m/nofp/crt0.o
 .bss           0x0000000000000000        0x0 /Applications/ARM/bin/../lib/gcc/arm-none-eabi/10.3.1/../../../../arm-none-eabi/lib/thumb/v7e-m/nofp/crt0.o
 .ARM.extab     0x0000000000000000        0x0 /Applications/ARM/bin/../lib/gcc/arm-none-eabi/10.3.1/../../../../arm-none-eabi/lib/thumb/v7e-m/nofp/crt0.o
[...]
Memory Configuration

Name             Origin             Length             Attributes
RAM              0x0000000020000000 0x0000000000010000 xrw
RAM2             0x0000000010000000 0x0000000000004000 xrw
FLASH            0x0000000008000000 0x0000000000040000 xr
*default*        0x0000000000000000 0xffffffffffffffff

Linker script and memory map

LOAD /Applications/ARM/bin/../lib/gcc/arm-none-eabi/10.3.1/thumb/v7e-m/nofp/crti.o
LOAD /Applications/ARM/bin/../lib/gcc/arm-none-eabi/10.3.1/thumb/v7e-m/nofp/crtbegin.o
LOAD /Applications/ARM/bin/../lib/gcc/arm-none-eabi/10.3.1/../../../../arm-none-eabi/lib/thumb/v7e-m/nofp/crt0.o
LOAD CMakeFiles/OLED_Display_for_STM32.elf.dir/Core/Src/gpio.c.obj
LOAD CMakeFiles/OLED_Display_for_STM32.elf.dir/Core/Src/main.c.obj
LOAD CMakeFiles/OLED_Display_for_STM32.elf.dir/Core/Src/spi.c.obj
LOAD CMakeFiles/OLED_Display_for_STM32.elf.dir/Core/Src/stm32l4xx_hal_msp.c.obj
LOAD CMakeFiles/OLED_Display_for_STM32.elf.dir/Core/Src/stm32l4xx_it.c.obj
LOAD CMakeFiles/OLED_Display_for_STM32.elf.dir/Core/Src/syscalls.c.obj
LOAD CMakeFiles/OLED_Display_for_STM32.elf.dir/Core/Src/sysmem.c.obj
LOAD CMakeFiles/OLED_Display_for_STM32.elf.dir/Core/Src/system_stm32l4xx.c.obj
LOAD CMakeFiles/OLED_Display_for_STM32.elf.dir/Core/Src/usart.c.obj
LOAD CMakeFiles/OLED_Display_for_STM32.elf.dir/Core/Startup/startup_stm32l432kcux.s.obj
LOAD CMakeFiles/OLED_Display_for_STM32.elf.dir/Core/User/OLED/oled.c.obj
LOAD CMakeFiles/OLED_Display_for_STM32.elf.dir/Drivers/STM32L4xx_HAL_Driver/Src/stm32l4xx_hal.c.obj
LOAD CMakeFiles/OLED_Display_for_STM32.elf.dir/Drivers/STM32L4xx_HAL_Driver/Src/stm32l4xx_hal_cortex.c.obj
LOAD CMakeFiles/OLED_Display_for_STM32.elf.dir/Drivers/STM32L4xx_HAL_Driver/Src/stm32l4xx_hal_dma.c.obj
LOAD CMakeFiles/OLED_Display_for_STM32.elf.dir/Drivers/STM32L4xx_HAL_Driver/Src/stm32l4xx_hal_dma_ex.c.obj
LOAD CMakeFiles/OLED_Display_for_STM32.elf.dir/Drivers/STM32L4xx_HAL_Driver/Src/stm32l4xx_hal_exti.c.obj
LOAD CMakeFiles/OLED_Display_for_STM32.elf.dir/Drivers/STM32L4xx_HAL_Driver/Src/stm32l4xx_hal_flash.c.obj
LOAD CMakeFiles/OLED_Display_for_STM32.elf.dir/Drivers/STM32L4xx_HAL_Driver/Src/stm32l4xx_hal_flash_ex.c.obj
LOAD CMakeFiles/OLED_Display_for_STM32.elf.dir/Drivers/STM32L4xx_HAL_Driver/Src/stm32l4xx_hal_flash_ramfunc.c.obj
LOAD CMakeFiles/OLED_Display_for_STM32.elf.dir/Drivers/STM32L4xx_HAL_Driver/Src/stm32l4xx_hal_gpio.c.obj
LOAD CMakeFiles/OLED_Display_for_STM32.elf.dir/Drivers/STM32L4xx_HAL_Driver/Src/stm32l4xx_hal_i2c.c.obj
LOAD CMakeFiles/OLED_Display_for_STM32.elf.dir/Drivers/STM32L4xx_HAL_Driver/Src/stm32l4xx_hal_i2c_ex.c.obj
LOAD CMakeFiles/OLED_Display_for_STM32.elf.dir/Drivers/STM32L4xx_HAL_Driver/Src/stm32l4xx_hal_pwr.c.obj
LOAD CMakeFiles/OLED_Display_for_STM32.elf.dir/Drivers/STM32L4xx_HAL_Driver/Src/stm32l4xx_hal_pwr_ex.c.obj
LOAD CMakeFiles/OLED_Display_for_STM32.elf.dir/Drivers/STM32L4xx_HAL_Driver/Src/stm32l4xx_hal_rcc.c.obj
LOAD CMakeFiles/OLED_Display_for_STM32.elf.dir/Drivers/STM32L4xx_HAL_Driver/Src/stm32l4xx_hal_rcc_ex.c.obj
LOAD CMakeFiles/OLED_Display_for_STM32.elf.dir/Drivers/STM32L4xx_HAL_Driver/Src/stm32l4xx_hal_spi.c.obj
LOAD CMakeFiles/OLED_Display_for_STM32.elf.dir/Drivers/STM32L4xx_HAL_Driver/Src/stm32l4xx_hal_spi_ex.c.obj
LOAD CMakeFiles/OLED_Display_for_STM32.elf.dir/Drivers/STM32L4xx_HAL_Driver/Src/stm32l4xx_hal_tim.c.obj
LOAD CMakeFiles/OLED_Display_for_STM32.elf.dir/Drivers/STM32L4xx_HAL_Driver/Src/stm32l4xx_hal_tim_ex.c.obj
LOAD CMakeFiles/OLED_Display_for_STM32.elf.dir/Drivers/STM32L4xx_HAL_Driver/Src/stm32l4xx_hal_uart.c.obj
LOAD CMakeFiles/OLED_Display_for_STM32.elf.dir/Drivers/STM32L4xx_HAL_Driver/Src/stm32l4xx_hal_uart_ex.c.obj
START GROUP
LOAD /Applications/ARM/bin/../lib/gcc/arm-none-eabi/10.3.1/thumb/v7e-m/nofp/libgcc.a
LOAD /Applications/ARM/bin/../lib/gcc/arm-none-eabi/10.3.1/../../../../arm-none-eabi/lib/thumb/v7e-m/nofp/libg.a
LOAD /Applications/ARM/bin/../lib/gcc/arm-none-eabi/10.3.1/../../../../arm-none-eabi/lib/thumb/v7e-m/nofp/libc.a
END GROUP
LOAD /Applications/ARM/bin/../lib/gcc/arm-none-eabi/10.3.1/thumb/v7e-m/nofp/crtend.o
LOAD /Applications/ARM/bin/../lib/gcc/arm-none-eabi/10.3.1/thumb/v7e-m/nofp/crtn.o
                0x0000000020010000                _estack = (ORIGIN (RAM) + LENGTH (RAM))
                0x0000000000000200                _Min_Heap_Size = 0x200
                0x0000000000000400                _Min_Stack_Size = 0x400

.isr_vector     0x0000000008000000      0x18c
                0x0000000008000000                . = ALIGN (0x4)
 *(.isr_vector)
 .isr_vector    0x0000000008000000      0x18c CMakeFiles/OLED_Display_for_STM32.elf.dir/Core/Startup/startup_stm32l432kcux.s.obj
                0x0000000008000000                g_pfnVectors
                0x000000000800018c                . = ALIGN (0x4)

.text           0x000000000800018c     0x2ab0
                0x000000000800018c                . = ALIGN (0x4)
 *(.text)
 .text          0x000000000800018c       0x40 /Applications/ARM/bin/../lib/gcc/arm-none-eabi/10.3.1/thumb/v7e-m/nofp/crtbegin.o
 .text          0x00000000080001cc       0x30 /Applications/ARM/bin/../lib/gcc/arm-none-eabi/10.3.1/thumb/v7e-m/nofp/libgcc.a(_aeabi_uldivmod.o)
                0x00000000080001cc                __aeabi_uldivmod
 .text          0x00000000080001fc      0x2d0 /Applications/ARM/bin/../lib/gcc/arm-none-eabi/10.3.1/thumb/v7e-m/nofp/libgcc.a(_udivmoddi4.o)
                0x00000000080001fc                __udivmoddi4
 .text          0x00000000080004cc        0x4 /Applications/ARM/bin/../lib/gcc/arm-none-eabi/10.3.1/thumb/v7e-m/nofp/libgcc.a(_dvmd_tls.o)
                0x00000000080004cc                __aeabi_ldiv0
                0x00000000080004cc                __aeabi_idiv0
 *(.text*)
 .text.MX_GPIO_Init
                0x00000000080004d0       0x98 CMakeFiles/OLED_Display_for_STM32.elf.dir/Core/Src/gpio.c.obj
                0x00000000080004d0                MX_GPIO_Init
 .text.Error_Handler
                0x0000000008000568        0x4 CMakeFiles/OLED_Display_for_STM32.elf.dir/Core/Src/main.c.obj
                0x0000000008000568                Error_Handler
 .text.SystemClock_Config
                0x000000000800056c       0x9c CMakeFiles/OLED_Display_for_STM32.elf.dir/Core/Src/main.c.obj
                0x000000000800056c                SystemClock_Config
 .text.main     0x0000000008000608       0x64 CMakeFiles/OLED_Display_for_STM32.elf.dir/Core/Src/main.c.obj
                0x0000000008000608                main
 .text.MX_SPI1_Init
                0x000000000800066c       0x4c CMakeFiles/OLED_Display_for_STM32.elf.dir/Core/Src/spi.c.obj
                0x000000000800066c                MX_SPI1_Init
 .text.HAL_SPI_MspInit
                0x00000000080006b8       0x78 CMakeFiles/OLED_Display_for_STM32.elf.dir/Core/Src/spi.c.obj
                0x00000000080006b8                HAL_SPI_MspInit
 .text.HAL_MspInit
                0x0000000008000730       0x30 CMakeFiles/OLED_Display_for_STM32.elf.dir/Core/Src/stm32l4xx_hal_msp.c.obj
                0x0000000008000730                HAL_MspInit
 .text.NMI_Handler
                0x0000000008000760        0x2 CMakeFiles/OLED_Display_for_STM32.elf.dir/Core/Src/stm32l4xx_it.c.obj
                0x0000000008000760                NMI_Handler
 .text.HardFault_Handler
                0x0000000008000762        0x2 CMakeFiles/OLED_Display_for_STM32.elf.dir/Core/Src/stm32l4xx_it.c.obj
                0x0000000008000762                HardFault_Handler
 .text.MemManage_Handler
                0x0000000008000764        0x2 CMakeFiles/OLED_Display_for_STM32.elf.dir/Core/Src/stm32l4xx_it.c.obj
                0x0000000008000764                MemManage_Handler
 .text.BusFault_Handler
                0x0000000008000766        0x2 CMakeFiles/OLED_Display_for_STM32.elf.dir/Core/Src/stm32l4xx_it.c.obj
                0x0000000008000766                BusFault_Handler
 .text.UsageFault_Handler
                0x0000000008000768        0x2 CMakeFiles/OLED_Display_for_STM32.elf.dir/Core/Src/stm32l4xx_it.c.obj
                0x0000000008000768                UsageFault_Handler
 .text.SVC_Handler
                0x000000000800076a        0x2 CMakeFiles/OLED_Display_for_STM32.elf.dir/Core/Src/stm32l4xx_it.c.obj
                0x000000000800076a                SVC_Handler
 .text.DebugMon_Handler
                0x000000000800076c        0x2 CMakeFiles/OLED_Display_for_STM32.elf.dir/Core/Src/stm32l4xx_it.c.obj
                0x000000000800076c                DebugMon_Handler
 .text.PendSV_Handler
                0x000000000800076e        0x2 CMakeFiles/OLED_Display_for_STM32.elf.dir/Core/Src/stm32l4xx_it.c.obj
                0x000000000800076e                PendSV_Handler
 .text.SysTick_Handler
                0x0000000008000770        0x8 CMakeFiles/OLED_Display_for_STM32.elf.dir/Core/Src/stm32l4xx_it.c.obj
                0x0000000008000770                SysTick_Handler
 .text.SPI1_IRQHandler
                0x0000000008000778       0x10 CMakeFiles/OLED_Display_for_STM32.elf.dir/Core/Src/stm32l4xx_it.c.obj
                0x0000000008000778                SPI1_IRQHandler
 .text.SystemInit
                0x0000000008000788        0x2 CMakeFiles/OLED_Display_for_STM32.elf.dir/Core/Src/system_stm32l4xx.c.obj
                0x0000000008000788                SystemInit
 *fill*         0x000000000800078a        0x2 
 .text.MX_USART2_UART_Init
                0x000000000800078c       0x38 CMakeFiles/OLED_Display_for_STM32.elf.dir/Core/Src/usart.c.obj
                0x000000000800078c                MX_USART2_UART_Init
 .text.HAL_UART_MspInit
                0x00000000080007c4       0xa0 CMakeFiles/OLED_Display_for_STM32.elf.dir/Core/Src/usart.c.obj
                0x00000000080007c4                HAL_UART_MspInit
 .text.Reset_Handler
                0x0000000008000864       0x50 CMakeFiles/OLED_Display_for_STM32.elf.dir/Core/Startup/startup_stm32l432kcux.s.obj
                0x0000000008000864                Reset_Handler
 .text.Default_Handler
                0x00000000080008b4        0x2 CMakeFiles/OLED_Display_for_STM32.elf.dir/Core/Startup/startup_stm32l432kcux.s.obj
                0x00000000080008b4                TIM1_BRK_TIM15_IRQHandler
                0x00000000080008b4                EXTI2_IRQHandler
                0x00000000080008b4                TIM1_CC_IRQHandler
                0x00000000080008b4                TSC_IRQHandler
                0x00000000080008b4                TAMP_STAMP_IRQHandler
                0x00000000080008b4                EXTI3_IRQHandler
                0x00000000080008b4                LPTIM2_IRQHandler
                0x00000000080008b4                I2C3_ER_IRQHandler
                0x00000000080008b4                EXTI0_IRQHandler
                0x00000000080008b4                CAN1_RX0_IRQHandler
                0x00000000080008b4                FPU_IRQHandler
                0x00000000080008b4                TIM1_UP_TIM16_IRQHandler
                0x00000000080008b4                TIM6_DAC_IRQHandler
                0x00000000080008b4                DMA2_Channel2_IRQHandler
                0x00000000080008b4                DMA1_Channel4_IRQHandler
                0x00000000080008b4                ADC1_IRQHandler
                0x00000000080008b4                DMA1_Channel7_IRQHandler
                0x00000000080008b4                CAN1_RX1_IRQHandler
                0x00000000080008b4                DMA2_Channel1_IRQHandler
                0x00000000080008b4                QUADSPI_IRQHandler
                0x00000000080008b4                I2C1_EV_IRQHandler
                0x00000000080008b4                DMA1_Channel6_IRQHandler
                0x00000000080008b4                DMA2_Channel4_IRQHandler
                0x00000000080008b4                RCC_IRQHandler
                0x00000000080008b4                TIM1_TRG_COM_IRQHandler
                0x00000000080008b4                DMA1_Channel1_IRQHandler
                0x00000000080008b4                Default_Handler
                0x00000000080008b4                DMA2_Channel7_IRQHandler
                0x00000000080008b4                EXTI15_10_IRQHandler
                0x00000000080008b4                TIM7_IRQHandler
                0x00000000080008b4                I2C3_EV_IRQHandler
                0x00000000080008b4                USB_IRQHandler
                0x00000000080008b4                EXTI9_5_IRQHandler
                0x00000000080008b4                RTC_WKUP_IRQHandler
                0x00000000080008b4                PVD_PVM_IRQHandler
                0x00000000080008b4                CAN1_TX_IRQHandler
                0x00000000080008b4                DMA2_Channel5_IRQHandler
                0x00000000080008b4                CRS_IRQHandler
                0x00000000080008b4                DMA1_Channel5_IRQHandler
                0x00000000080008b4                EXTI4_IRQHandler
                0x00000000080008b4                RNG_IRQHandler
                0x00000000080008b4                DMA1_Channel3_IRQHandler
                0x00000000080008b4                COMP_IRQHandler
                0x00000000080008b4                WWDG_IRQHandler
                0x00000000080008b4                LPUART1_IRQHandler
                0x00000000080008b4                DMA2_Channel6_IRQHandler
                0x00000000080008b4                TIM2_IRQHandler
                0x00000000080008b4                EXTI1_IRQHandler
                0x00000000080008b4                USART2_IRQHandler
                0x00000000080008b4                DMA1_Channel2_IRQHandler
                0x00000000080008b4                CAN1_SCE_IRQHandler
                0x00000000080008b4                FLASH_IRQHandler
                0x00000000080008b4                USART1_IRQHandler
                0x00000000080008b4                SPI3_IRQHandler
                0x00000000080008b4                I2C1_ER_IRQHandler
                0x00000000080008b4                SWPMI1_IRQHandler
                0x00000000080008b4                LPTIM1_IRQHandler
                0x00000000080008b4                SAI1_IRQHandler
                0x00000000080008b4                DMA2_Channel3_IRQHandler
                0x00000000080008b4                RTC_Alarm_IRQHandler
 *fill*         0x00000000080008b6        0x2 
 .text.OLED_WR_Byte
                0x00000000080008b8       0x60 CMakeFiles/OLED_Display_for_STM32.elf.dir/Core/User/OLED/oled.c.obj
                0x00000000080008b8                OLED_WR_Byte
 .text.OLED_Display_On
                0x0000000008000918       0x1c CMakeFiles/OLED_Display_for_STM32.elf.dir/Core/User/OLED/oled.c.obj
                0x0000000008000918                OLED_Display_On
 .text.OLED_Display_Off
                0x0000000008000934       0x1c CMakeFiles/OLED_Display_for_STM32.elf.dir/Core/User/OLED/oled.c.obj
                0x0000000008000934                OLED_Display_Off
 .text.OLED_Set_Pixel
                0x0000000008000950       0x38 CMakeFiles/OLED_Display_for_STM32.elf.dir/Core/User/OLED/oled.c.obj
                0x0000000008000950                OLED_Set_Pixel
 .text.OLED_Display
                0x0000000008000988       0x4c CMakeFiles/OLED_Display_for_STM32.elf.dir/Core/User/OLED/oled.c.obj
                0x0000000008000988                OLED_Display
 .text.OLED_Clear
                0x00000000080009d4       0x28 CMakeFiles/OLED_Display_for_STM32.elf.dir/Core/User/OLED/oled.c.obj
                0x00000000080009d4                OLED_Clear
 .text.OLED_Reset
                0x00000000080009fc       0x3a CMakeFiles/OLED_Display_for_STM32.elf.dir/Core/User/OLED/oled.c.obj
                0x00000000080009fc                OLED_Reset
 .text.OLED_Init
                0x0000000008000a36       0xf0 CMakeFiles/OLED_Display_for_STM32.elf.dir/Core/User/OLED/oled.c.obj
                0x0000000008000a36                OLED_Init
 *fill*         0x0000000008000b26        0x2 
 .text.OLED_ShowChar
                0x0000000008000b28      0x100 CMakeFiles/OLED_Display_for_STM32.elf.dir/Core/User/OLED/oled.c.obj
                0x0000000008000b28                OLED_ShowChar
 .text.OLED_ShowString
                0x0000000008000c28       0x5a CMakeFiles/OLED_Display_for_STM32.elf.dir/Core/User/OLED/oled.c.obj
                0x0000000008000c28                OLED_ShowString
 *fill*         0x0000000008000c82        0x2 
 .text.HAL_InitTick
                0x0000000008000c84       0x50 CMakeFiles/OLED_Display_for_STM32.elf.dir/Drivers/STM32L4xx_HAL_Driver/Src/stm32l4xx_hal.c.obj
                0x0000000008000c84                HAL_InitTick
 .text.HAL_Init
                0x0000000008000cd4       0x1e CMakeFiles/OLED_Display_for_STM32.elf.dir/Drivers/STM32L4xx_HAL_Driver/Src/stm32l4xx_hal.c.obj
                0x0000000008000cd4                HAL_Init
 *fill*         0x0000000008000cf2        0x2 
 .text.HAL_IncTick
                0x0000000008000cf4       0x18 CMakeFiles/OLED_Display_for_STM32.elf.dir/Drivers/STM32L4xx_HAL_Driver/Src/stm32l4xx_hal.c.obj
                0x0000000008000cf4                HAL_IncTick
 .text.HAL_GetTick
                0x0000000008000d0c        0xc CMakeFiles/OLED_Display_for_STM32.elf.dir/Drivers/STM32L4xx_HAL_Driver/Src/stm32l4xx_hal.c.obj
                0x0000000008000d0c                HAL_GetTick
 .text.HAL_Delay
                0x0000000008000d18       0x28 CMakeFiles/OLED_Display_for_STM32.elf.dir/Drivers/STM32L4xx_HAL_Driver/Src/stm32l4xx_hal.c.obj
                0x0000000008000d18                HAL_Delay
 .text.HAL_NVIC_SetPriorityGrouping
                0x0000000008000d40       0x24 CMakeFiles/OLED_Display_for_STM32.elf.dir/Drivers/STM32L4xx_HAL_Driver/Src/stm32l4xx_hal_cortex.c.obj
                0x0000000008000d40                HAL_NVIC_SetPriorityGrouping
 .text.HAL_NVIC_SetPriority
                0x0000000008000d64       0x70 CMakeFiles/OLED_Display_for_STM32.elf.dir/Drivers/STM32L4xx_HAL_Driver/Src/stm32l4xx_hal_cortex.c.obj
                0x0000000008000d64                HAL_NVIC_SetPriority
 .text.HAL_NVIC_EnableIRQ
                0x0000000008000dd4       0x1c CMakeFiles/OLED_Display_for_STM32.elf.dir/Drivers/STM32L4xx_HAL_Driver/Src/stm32l4xx_hal_cortex.c.obj
                0x0000000008000dd4                HAL_NVIC_EnableIRQ
 .text.HAL_SYSTICK_Config
                0x0000000008000df0       0x28 CMakeFiles/OLED_Display_for_STM32.elf.dir/Drivers/STM32L4xx_HAL_Driver/Src/stm32l4xx_hal_cortex.c.obj
                0x0000000008000df0                HAL_SYSTICK_Config
 .text.HAL_DMA_Abort_IT
                0x0000000008000e18       0x50 CMakeFiles/OLED_Display_for_STM32.elf.dir/Drivers/STM32L4xx_HAL_Driver/Src/stm32l4xx_hal_dma.c.obj
                0x0000000008000e18                HAL_DMA_Abort_IT
 .text.HAL_GPIO_Init
                0x0000000008000e68      0x1b8 CMakeFiles/OLED_Display_for_STM32.elf.dir/Drivers/STM32L4xx_HAL_Driver/Src/stm32l4xx_hal_gpio.c.obj
                0x0000000008000e68                HAL_GPIO_Init
 .text.HAL_GPIO_WritePin
                0x0000000008001020        0xa CMakeFiles/OLED_Display_for_STM32.elf.dir/Drivers/STM32L4xx_HAL_Driver/Src/stm32l4xx_hal_gpio.c.obj
                0x0000000008001020                HAL_GPIO_WritePin
 .text.HAL_GPIO_TogglePin
                0x000000000800102a       0x12 CMakeFiles/OLED_Display_for_STM32.elf.dir/Drivers/STM32L4xx_HAL_Driver/Src/stm32l4xx_hal_gpio.c.obj
                0x000000000800102a                HAL_GPIO_TogglePin
 .text.HAL_PWR_EnableBkUpAccess
                0x000000000800103c       0x10 CMakeFiles/OLED_Display_for_STM32.elf.dir/Drivers/STM32L4xx_HAL_Driver/Src/stm32l4xx_hal_pwr.c.obj
                0x000000000800103c                HAL_PWR_EnableBkUpAccess
 .text.HAL_PWREx_GetVoltageRange
                0x000000000800104c       0x10 CMakeFiles/OLED_Display_for_STM32.elf.dir/Drivers/STM32L4xx_HAL_Driver/Src/stm32l4xx_hal_pwr_ex.c.obj
                0x000000000800104c                HAL_PWREx_GetVoltageRange
 .text.HAL_PWREx_ControlVoltageScaling
                0x000000000800105c       0x90 CMakeFiles/OLED_Display_for_STM32.elf.dir/Drivers/STM32L4xx_HAL_Driver/Src/stm32l4xx_hal_pwr_ex.c.obj
                0x000000000800105c                HAL_PWREx_ControlVoltageScaling
 .text.RCC_SetFlashLatencyFromMSIRange
                0x00000000080010ec       0x90 CMakeFiles/OLED_Display_for_STM32.elf.dir/Drivers/STM32L4xx_HAL_Driver/Src/stm32l4xx_hal_rcc.c.obj
 .text.HAL_RCC_GetSysClockFreq
                0x000000000800117c       0xb4 CMakeFiles/OLED_Display_for_STM32.elf.dir/Drivers/STM32L4xx_HAL_Driver/Src/stm32l4xx_hal_rcc.c.obj
                0x000000000800117c                HAL_RCC_GetSysClockFreq
 .text.HAL_RCC_OscConfig
                0x0000000008001230      0x66c CMakeFiles/OLED_Display_for_STM32.elf.dir/Drivers/STM32L4xx_HAL_Driver/Src/stm32l4xx_hal_rcc.c.obj
                0x0000000008001230                HAL_RCC_OscConfig
 .text.HAL_RCC_ClockConfig
                0x000000000800189c      0x188 CMakeFiles/OLED_Display_for_STM32.elf.dir/Drivers/STM32L4xx_HAL_Driver/Src/stm32l4xx_hal_rcc.c.obj
                0x000000000800189c                HAL_RCC_ClockConfig
 .text.HAL_RCC_GetHCLKFreq
                0x0000000008001a24        0xc CMakeFiles/OLED_Display_for_STM32.elf.dir/Drivers/STM32L4xx_HAL_Driver/Src/stm32l4xx_hal_rcc.c.obj
                0x0000000008001a24                HAL_RCC_GetHCLKFreq
 .text.HAL_RCC_GetPCLK1Freq
                0x0000000008001a30       0x24 CMakeFiles/OLED_Display_for_STM32.elf.dir/Drivers/STM32L4xx_HAL_Driver/Src/stm32l4xx_hal_rcc.c.obj
                0x0000000008001a30                HAL_RCC_GetPCLK1Freq
 .text.HAL_RCC_GetPCLK2Freq
                0x0000000008001a54       0x24 CMakeFiles/OLED_Display_for_STM32.elf.dir/Drivers/STM32L4xx_HAL_Driver/Src/stm32l4xx_hal_rcc.c.obj
                0x0000000008001a54                HAL_RCC_GetPCLK2Freq
 .text.RCCEx_PLLSAI1_Config
                0x0000000008001a78      0x16c CMakeFiles/OLED_Display_for_STM32.elf.dir/Drivers/STM32L4xx_HAL_Driver/Src/stm32l4xx_hal_rcc_ex.c.obj
 .text.HAL_RCCEx_PeriphCLKConfig
                0x0000000008001be4      0x2e8 CMakeFiles/OLED_Display_for_STM32.elf.dir/Drivers/STM32L4xx_HAL_Driver/Src/stm32l4xx_hal_rcc_ex.c.obj
                0x0000000008001be4                HAL_RCCEx_PeriphCLKConfig
 .text.HAL_RCCEx_EnableMSIPLLMode
                0x0000000008001ecc       0x10 CMakeFiles/OLED_Display_for_STM32.elf.dir/Drivers/STM32L4xx_HAL_Driver/Src/stm32l4xx_hal_rcc_ex.c.obj
                0x0000000008001ecc                HAL_RCCEx_EnableMSIPLLMode
 .text.SPI_WaitFlagStateUntilTimeout
                0x0000000008001edc       0xd4 CMakeFiles/OLED_Display_for_STM32.elf.dir/Drivers/STM32L4xx_HAL_Driver/Src/stm32l4xx_hal_spi.c.obj
 .text.SPI_WaitFifoStateUntilTimeout
                0x0000000008001fb0       0xf4 CMakeFiles/OLED_Display_for_STM32.elf.dir/Drivers/STM32L4xx_HAL_Driver/Src/stm32l4xx_hal_spi.c.obj
 .text.SPI_EndRxTxTransaction
                0x00000000080020a4       0x62 CMakeFiles/OLED_Display_for_STM32.elf.dir/Drivers/STM32L4xx_HAL_Driver/Src/stm32l4xx_hal_spi.c.obj
 .text.HAL_SPI_Init
                0x0000000008002106       0xde CMakeFiles/OLED_Display_for_STM32.elf.dir/Drivers/STM32L4xx_HAL_Driver/Src/stm32l4xx_hal_spi.c.obj
                0x0000000008002106                HAL_SPI_Init
 .text.HAL_SPI_Transmit
                0x00000000080021e4      0x1fe CMakeFiles/OLED_Display_for_STM32.elf.dir/Drivers/STM32L4xx_HAL_Driver/Src/stm32l4xx_hal_spi.c.obj
                0x00000000080021e4                HAL_SPI_Transmit
 .text.HAL_SPI_ErrorCallback
                0x00000000080023e2        0x2 CMakeFiles/OLED_Display_for_STM32.elf.dir/Drivers/STM32L4xx_HAL_Driver/Src/stm32l4xx_hal_spi.c.obj
                0x00000000080023e2                HAL_SPI_ErrorCallback
 .text.HAL_SPI_IRQHandler
                0x00000000080023e4      0x124 CMakeFiles/OLED_Display_for_STM32.elf.dir/Drivers/STM32L4xx_HAL_Driver/Src/stm32l4xx_hal_spi.c.obj
                0x00000000080023e4                HAL_SPI_IRQHandler
 .text.SPI_DMAAbortOnError
                0x0000000008002508       0x12 CMakeFiles/OLED_Display_for_STM32.elf.dir/Drivers/STM32L4xx_HAL_Driver/Src/stm32l4xx_hal_spi.c.obj
 .text.UART_EndRxTransfer
                0x000000000800251a       0x52 CMakeFiles/OLED_Display_for_STM32.elf.dir/Drivers/STM32L4xx_HAL_Driver/Src/stm32l4xx_hal_uart.c.obj
 .text.UART_SetConfig
                0x000000000800256c      0x260 CMakeFiles/OLED_Display_for_STM32.elf.dir/Drivers/STM32L4xx_HAL_Driver/Src/stm32l4xx_hal_uart.c.obj
                0x000000000800256c                UART_SetConfig
 .text.UART_AdvFeatureConfig
                0x00000000080027cc       0xca CMakeFiles/OLED_Display_for_STM32.elf.dir/Drivers/STM32L4xx_HAL_Driver/Src/stm32l4xx_hal_uart.c.obj
                0x00000000080027cc                UART_AdvFeatureConfig
 .text.UART_WaitOnFlagUntilTimeout
                0x0000000008002896       0x9a CMakeFiles/OLED_Display_for_STM32.elf.dir/Drivers/STM32L4xx_HAL_Driver/Src/stm32l4xx_hal_uart.c.obj
                0x0000000008002896                UART_WaitOnFlagUntilTimeout
 .text.UART_CheckIdleState
                0x0000000008002930       0xc6 CMakeFiles/OLED_Display_for_STM32.elf.dir/Drivers/STM32L4xx_HAL_Driver/Src/stm32l4xx_hal_uart.c.obj
                0x0000000008002930                UART_CheckIdleState
 .text.HAL_UART_Init
                0x00000000080029f6       0x62 CMakeFiles/OLED_Display_for_STM32.elf.dir/Drivers/STM32L4xx_HAL_Driver/Src/stm32l4xx_hal_uart.c.obj
                0x00000000080029f6                HAL_UART_Init
 .text.__libc_init_array
                0x0000000008002a58       0x48 /Applications/ARM/bin/../lib/gcc/arm-none-eabi/10.3.1/../../../../arm-none-eabi/lib/thumb/v7e-m/nofp/libg.a(lib_a-init.o)
                0x0000000008002a58                __libc_init_array
 .text.memset   0x0000000008002aa0       0xa4 /Applications/ARM/bin/../lib/gcc/arm-none-eabi/10.3.1/../../../../arm-none-eabi/lib/thumb/v7e-m/nofp/libg.a(lib_a-memset.o)
                0x0000000008002aa0                memset
 .text.startup.register_fini
                0x0000000008002b44       0x14 /Applications/ARM/bin/../lib/gcc/arm-none-eabi/10.3.1/../../../../arm-none-eabi/lib/thumb/v7e-m/nofp/libg.a(lib_a-__call_atexit.o)
 .text.atexit   0x0000000008002b58        0xc /Applications/ARM/bin/../lib/gcc/arm-none-eabi/10.3.1/../../../../arm-none-eabi/lib/thumb/v7e-m/nofp/libg.a(lib_a-atexit.o)
                0x0000000008002b58                atexit
 .text.__libc_fini_array
                0x0000000008002b64       0x2c /Applications/ARM/bin/../lib/gcc/arm-none-eabi/10.3.1/../../../../arm-none-eabi/lib/thumb/v7e-m/nofp/libg.a(lib_a-fini.o)
                0x0000000008002b64                __libc_fini_array
 .text.__retarget_lock_acquire_recursive
                0x0000000008002b90        0x4 /Applications/ARM/bin/../lib/gcc/arm-none-eabi/10.3.1/../../../../arm-none-eabi/lib/thumb/v7e-m/nofp/libg.a(lib_a-lock.o)
                0x0000000008002b90                __retarget_lock_acquire_recursive
 .text.__retarget_lock_release_recursive
                0x0000000008002b94        0x4 /Applications/ARM/bin/../lib/gcc/arm-none-eabi/10.3.1/../../../../arm-none-eabi/lib/thumb/v7e-m/nofp/libg.a(lib_a-lock.o)
                0x0000000008002b94                __retarget_lock_release_recursive
 .text.__register_exitproc
                0x0000000008002b98       0x8c /Applications/ARM/bin/../lib/gcc/arm-none-eabi/10.3.1/../../../../arm-none-eabi/lib/thumb/v7e-m/nofp/libg.a(lib_a-__atexit.o)
                0x0000000008002b98                __register_exitproc
 *(.glue_7)
 .glue_7        0x0000000008002c24        0x0 linker stubs
 *(.glue_7t)
 .glue_7t       0x0000000008002c24        0x0 linker stubs
 *(.eh_frame)
 .eh_frame      0x0000000008002c24        0x0 /Applications/ARM/bin/../lib/gcc/arm-none-eabi/10.3.1/thumb/v7e-m/nofp/crtbegin.o
 *(.init)
 .init          0x0000000008002c24        0x4 /Applications/ARM/bin/../lib/gcc/arm-none-eabi/10.3.1/thumb/v7e-m/nofp/crti.o
                0x0000000008002c24                _init
 .init          0x0000000008002c28        0x8 /Applications/ARM/bin/../lib/gcc/arm-none-eabi/10.3.1/thumb/v7e-m/nofp/crtn.o
 *(.fini)
 .fini          0x0000000008002c30        0x4 /Applications/ARM/bin/../lib/gcc/arm-none-eabi/10.3.1/thumb/v7e-m/nofp/crti.o
                0x0000000008002c30                _fini
 .fini          0x0000000008002c34        0x8 /Applications/ARM/bin/../lib/gcc/arm-none-eabi/10.3.1/thumb/v7e-m/nofp/crtn.o
                0x0000000008002c3c                . = ALIGN (0x4)
                0x0000000008002c3c                _etext = .

.vfp11_veneer   0x0000000008002c3c        0x0
 .vfp11_veneer  0x0000000008002c3c        0x0 linker stubs

.v4_bx          0x0000000008002c3c        0x0
 .v4_bx         0x0000000008002c3c        0x0 linker stubs

.iplt           0x0000000008002c3c        0x0
 .iplt          0x0000000008002c3c        0x0 /Applications/ARM/bin/../lib/gcc/arm-none-eabi/10.3.1/thumb/v7e-m/nofp/crtbegin.o

.rodata         0x0000000008002c3c      0x944
                0x0000000008002c3c                . = ALIGN (0x4)
 *(.rodata)
 *(.rodata*)
 .rodata.main.str1.4
                0x0000000008002c3c        0xf CMakeFiles/OLED_Display_for_STM32.elf.dir/Core/Src/main.c.obj
 *fill*         0x0000000008002c4b        0x1 
 .rodata.AHBPrescTable
                0x0000000008002c4c       0x10 CMakeFiles/OLED_Display_for_STM32.elf.dir/Core/Src/system_stm32l4xx.c.obj
                0x0000000008002c4c                AHBPrescTable
 .rodata.APBPrescTable
                0x0000000008002c5c        0x8 CMakeFiles/OLED_Display_for_STM32.elf.dir/Core/Src/system_stm32l4xx.c.obj
                0x0000000008002c5c                APBPrescTable
 .rodata.MSIRangeTable
                0x0000000008002c64       0x30 CMakeFiles/OLED_Display_for_STM32.elf.dir/Core/Src/system_stm32l4xx.c.obj
                0x0000000008002c64                MSIRangeTable
 .rodata.F6x8   0x0000000008002c94      0x2f8 CMakeFiles/OLED_Display_for_STM32.elf.dir/Core/User/OLED/oled.c.obj
                0x0000000008002c94                F6x8
 .rodata.F8X16  0x0000000008002f8c      0x5f0 CMakeFiles/OLED_Display_for_STM32.elf.dir/Core/User/OLED/oled.c.obj
                0x0000000008002f8c                F8X16
 .rodata._global_impure_ptr
                0x000000000800357c        0x4 /Applications/ARM/bin/../lib/gcc/arm-none-eabi/10.3.1/../../../../arm-none-eabi/lib/thumb/v7e-m/nofp/libg.a(lib_a-impure.o)
                0x000000000800357c                _global_impure_ptr
                0x0000000008003580                . = ALIGN (0x4)

.ARM.extab      0x0000000008003580        0x0
                0x0000000008003580                . = ALIGN (0x4)
 *(.ARM.extab* .gnu.linkonce.armextab.*)
                0x0000000008003580                . = ALIGN (0x4)

.ARM            0x0000000008003580        0x8
                0x0000000008003580                . = ALIGN (0x4)
                0x0000000008003580                __exidx_start = .
 *(.ARM.exidx*)
 .ARM.exidx     0x0000000008003580        0x8 /Applications/ARM/bin/../lib/gcc/arm-none-eabi/10.3.1/thumb/v7e-m/nofp/libgcc.a(_udivmoddi4.o)
                0x0000000008003588                __exidx_end = .
                0x0000000008003588                . = ALIGN (0x4)

.rel.dyn        0x0000000008003588        0x0
 .rel.iplt      0x0000000008003588        0x0 /Applications/ARM/bin/../lib/gcc/arm-none-eabi/10.3.1/thumb/v7e-m/nofp/crtbegin.o

.preinit_array  0x0000000008003588        0x0
                0x0000000008003588                . = ALIGN (0x4)
                0x0000000008003588                PROVIDE (__preinit_array_start = .)
 *(.preinit_array*)
                0x0000000008003588                PROVIDE (__preinit_array_end = .)
                0x0000000008003588                . = ALIGN (0x4)

.init_array     0x0000000008003588        0x8
                0x0000000008003588                . = ALIGN (0x4)
                0x0000000008003588                PROVIDE (__init_array_start = .)
 *(SORT_BY_NAME(.init_array.*))
 .init_array.00000
                0x0000000008003588        0x4 /Applications/ARM/bin/../lib/gcc/arm-none-eabi/10.3.1/../../../../arm-none-eabi/lib/thumb/v7e-m/nofp/libg.a(lib_a-__call_atexit.o)
 *(.init_array*)
 .init_array    0x000000000800358c        0x4 /Applications/ARM/bin/../lib/gcc/arm-none-eabi/10.3.1/thumb/v7e-m/nofp/crtbegin.o
                0x0000000008003590                PROVIDE (__init_array_end = .)
                0x0000000008003590                . = ALIGN (0x4)

.fini_array     0x0000000008003590        0x4
                0x0000000008003590                . = ALIGN (0x4)
                0x0000000008003590                PROVIDE (__fini_array_start = .)
 *(SORT_BY_NAME(.fini_array.*))
 *(.fini_array*)
 .fini_array    0x0000000008003590        0x4 /Applications/ARM/bin/../lib/gcc/arm-none-eabi/10.3.1/thumb/v7e-m/nofp/crtbegin.o
                0x0000000008003594                PROVIDE (__fini_array_end = .)
                0x0000000008003594                . = ALIGN (0x4)
                0x0000000008003594                _sidata = LOADADDR (.data)

.data           0x0000000020000000      0x43c load address 0x0000000008003594
                0x0000000020000000                . = ALIGN (0x4)
                0x0000000020000000                _sdata = .
 *(.data)
 *(.data*)
 .data.SystemCoreClock
                0x0000000020000000        0x4 CMakeFiles/OLED_Display_for_STM32.elf.dir/Core/Src/system_stm32l4xx.c.obj
                0x0000000020000000                SystemCoreClock
 .data.uwTickFreq
                0x0000000020000004        0x1 CMakeFiles/OLED_Display_for_STM32.elf.dir/Drivers/STM32L4xx_HAL_Driver/Src/stm32l4xx_hal.c.obj
                0x0000000020000004                uwTickFreq
 *fill*         0x0000000020000005        0x3 
 .data.uwTickPrio
                0x0000000020000008        0x4 CMakeFiles/OLED_Display_for_STM32.elf.dir/Drivers/STM32L4xx_HAL_Driver/Src/stm32l4xx_hal.c.obj
                0x0000000020000008                uwTickPrio
 *fill*         0x000000002000000c        0x4 
 .data.impure_data
                0x0000000020000010      0x428 /Applications/ARM/bin/../lib/gcc/arm-none-eabi/10.3.1/../../../../arm-none-eabi/lib/thumb/v7e-m/nofp/libg.a(lib_a-impure.o)
 .data.__atexit_recursive_mutex
                0x0000000020000438        0x4 /Applications/ARM/bin/../lib/gcc/arm-none-eabi/10.3.1/../../../../arm-none-eabi/lib/thumb/v7e-m/nofp/libg.a(lib_a-__call_atexit.o)
                0x0000000020000438                __atexit_recursive_mutex
 *(.RamFunc)
 *(.RamFunc*)
                0x000000002000043c                . = ALIGN (0x4)
                0x000000002000043c                _edata = .

.igot.plt       0x000000002000043c        0x0 load address 0x00000000080039d0
 .igot.plt      0x000000002000043c        0x0 /Applications/ARM/bin/../lib/gcc/arm-none-eabi/10.3.1/thumb/v7e-m/nofp/crtbegin.o
                0x000000002000043c                . = ALIGN (0x4)

.bss            0x000000002000043c      0x510 load address 0x00000000080039d0
                0x000000002000043c                _sbss = .
                0x000000002000043c                __bss_start__ = _sbss
 *(.bss)
 .bss           0x000000002000043c       0x1c /Applications/ARM/bin/../lib/gcc/arm-none-eabi/10.3.1/thumb/v7e-m/nofp/crtbegin.o
 *(.bss*)
 .bss.hspi1     0x0000000020000458       0x64 CMakeFiles/OLED_Display_for_STM32.elf.dir/Core/Src/spi.c.obj
                0x0000000020000458                hspi1
 .bss.huart2    0x00000000200004bc       0x88 CMakeFiles/OLED_Display_for_STM32.elf.dir/Core/Src/usart.c.obj
                0x00000000200004bc                huart2
 .bss.OLED_buffer
                0x0000000020000544      0x400 CMakeFiles/OLED_Display_for_STM32.elf.dir/Core/User/OLED/oled.c.obj
 .bss.uwTick    0x0000000020000944        0x4 CMakeFiles/OLED_Display_for_STM32.elf.dir/Drivers/STM32L4xx_HAL_Driver/Src/stm32l4xx_hal.c.obj
                0x0000000020000944                uwTick
 .bss.__lock___atexit_recursive_mutex
                0x0000000020000948        0x1 /Applications/ARM/bin/../lib/gcc/arm-none-eabi/10.3.1/../../../../arm-none-eabi/lib/thumb/v7e-m/nofp/libg.a(lib_a-lock.o)
                0x0000000020000948                __lock___atexit_recursive_mutex
 *(COMMON)
                0x000000002000094c                . = ALIGN (0x4)
 *fill*         0x0000000020000949        0x3 
                0x000000002000094c                _ebss = .
                0x000000002000094c                __bss_end__ = _ebss

._user_heap_stack
                0x000000002000094c      0x604 load address 0x00000000080039d0
                0x0000000020000950                . = ALIGN (0x8)
 *fill*         0x000000002000094c        0x4 
                [!provide]                        PROVIDE (end = .)
                0x0000000020000950                PROVIDE (_end = .)
                0x0000000020000b50                . = (. + _Min_Heap_Size)
 *fill*         0x0000000020000950      0x200 
                0x0000000020000f50                . = (. + _Min_Stack_Size)
 *fill*         0x0000000020000b50      0x400 
                0x0000000020000f50                . = ALIGN (0x8)

/DISCARD/
 libc.a(*)
 libm.a(*)
 libgcc.a(*)

.ARM.attributes
                0x0000000000000000       0x2a
 *(.ARM.attributes)
 .ARM.attributes
                0x0000000000000000       0x1e /Applications/ARM/bin/../lib/gcc/arm-none-eabi/10.3.1/thumb/v7e-m/nofp/crti.o
 .ARM.attributes
                0x000000000000001e       0x2e /Applications/ARM/bin/../lib/gcc/arm-none-eabi/10.3.1/thumb/v7e-m/nofp/crtbegin.o
 .ARM.attributes
                0x000000000000004c       0x2e CMakeFiles/OLED_Display_for_STM32.elf.dir/Core/Src/gpio.c.obj
 .ARM.attributes
                0x000000000000007a       0x2e CMakeFiles/OLED_Display_for_STM32.elf.dir/Core/Src/main.c.obj
 .ARM.attributes
                0x00000000000000a8       0x2e CMakeFiles/OLED_Display_for_STM32.elf.dir/Core/Src/spi.c.obj
 .ARM.attributes
                0x00000000000000d6       0x2e CMakeFiles/OLED_Display_for_STM32.elf.dir/Core/Src/stm32l4xx_hal_msp.c.obj
 .ARM.attributes
                0x0000000000000104       0x2e CMakeFiles/OLED_Display_for_STM32.elf.dir/Core/Src/stm32l4xx_it.c.obj
 .ARM.attributes
                0x0000000000000132       0x2e CMakeFiles/OLED_Display_for_STM32.elf.dir/Core/Src/system_stm32l4xx.c.obj
 .ARM.attributes
                0x0000000000000160       0x2e CMakeFiles/OLED_Display_for_STM32.elf.dir/Core/Src/usart.c.obj
 .ARM.attributes
                0x000000000000018e       0x21 CMakeFiles/OLED_Display_for_STM32.elf.dir/Core/Startup/startup_stm32l432kcux.s.obj
 .ARM.attributes
                0x00000000000001af       0x2e CMakeFiles/OLED_Display_for_STM32.elf.dir/Core/User/OLED/oled.c.obj
 .ARM.attributes
                0x00000000000001dd       0x2e CMakeFiles/OLED_Display_for_STM32.elf.dir/Drivers/STM32L4xx_HAL_Driver/Src/stm32l4xx_hal.c.obj
 .ARM.attributes
                0x000000000000020b       0x2e CMakeFiles/OLED_Display_for_STM32.elf.dir/Drivers/STM32L4xx_HAL_Driver/Src/stm32l4xx_hal_cortex.c.obj
 .ARM.attributes
                0x0000000000000239       0x2e CMakeFiles/OLED_Display_for_STM32.elf.dir/Drivers/STM32L4xx_HAL_Driver/Src/stm32l4xx_hal_dma.c.obj
 .ARM.attributes
                0x0000000000000267       0x2e CMakeFiles/OLED_Display_for_STM32.elf.dir/Drivers/STM32L4xx_HAL_Driver/Src/stm32l4xx_hal_gpio.c.obj
 .ARM.attributes
                0x0000000000000295       0x2e CMakeFiles/OLED_Display_for_STM32.elf.dir/Drivers/STM32L4xx_HAL_Driver/Src/stm32l4xx_hal_pwr.c.obj
 .ARM.attributes
                0x00000000000002c3       0x2e CMakeFiles/OLED_Display_for_STM32.elf.dir/Drivers/STM32L4xx_HAL_Driver/Src/stm32l4xx_hal_pwr_ex.c.obj
 .ARM.attributes
                0x00000000000002f1       0x2e CMakeFiles/OLED_Display_for_STM32.elf.dir/Drivers/STM32L4xx_HAL_Driver/Src/stm32l4xx_hal_rcc.c.obj
 .ARM.attributes
                0x000000000000031f       0x2e CMakeFiles/OLED_Display_for_STM32.elf.dir/Drivers/STM32L4xx_HAL_Driver/Src/stm32l4xx_hal_rcc_ex.c.obj
 .ARM.attributes
                0x000000000000034d       0x2e CMakeFiles/OLED_Display_for_STM32.elf.dir/Drivers/STM32L4xx_HAL_Driver/Src/stm32l4xx_hal_spi.c.obj
 .ARM.attributes
                0x000000000000037b       0x2e CMakeFiles/OLED_Display_for_STM32.elf.dir/Drivers/STM32L4xx_HAL_Driver/Src/stm32l4xx_hal_uart.c.obj
 .ARM.attributes
                0x00000000000003a9       0x1e /Applications/ARM/bin/../lib/gcc/arm-none-eabi/10.3.1/thumb/v7e-m/nofp/libgcc.a(_aeabi_uldivmod.o)
 .ARM.attributes
                0x00000000000003c7       0x2e /Applications/ARM/bin/../lib/gcc/arm-none-eabi/10.3.1/thumb/v7e-m/nofp/libgcc.a(_udivmoddi4.o)
 .ARM.attributes
                0x00000000000003f5       0x1e /Applications/ARM/bin/../lib/gcc/arm-none-eabi/10.3.1/thumb/v7e-m/nofp/libgcc.a(_dvmd_tls.o)
 .ARM.attributes
                0x0000000000000413       0x2e /Applications/ARM/bin/../lib/gcc/arm-none-eabi/10.3.1/../../../../arm-none-eabi/lib/thumb/v7e-m/nofp/libg.a(lib_a-impure.o)
 .ARM.attributes
                0x0000000000000441       0x2e /Applications/ARM/bin/../lib/gcc/arm-none-eabi/10.3.1/../../../../arm-none-eabi/lib/thumb/v7e-m/nofp/libg.a(lib_a-init.o)
 .ARM.attributes
                0x000000000000046f       0x2e /Applications/ARM/bin/../lib/gcc/arm-none-eabi/10.3.1/../../../../arm-none-eabi/lib/thumb/v7e-m/nofp/libg.a(lib_a-memset.o)
 .ARM.attributes
                0x000000000000049d       0x2e /Applications/ARM/bin/../lib/gcc/arm-none-eabi/10.3.1/../../../../arm-none-eabi/lib/thumb/v7e-m/nofp/libg.a(lib_a-__call_atexit.o)
 .ARM.attributes
                0x00000000000004cb       0x2e /Applications/ARM/bin/../lib/gcc/arm-none-eabi/10.3.1/../../../../arm-none-eabi/lib/thumb/v7e-m/nofp/libg.a(lib_a-atexit.o)
 .ARM.attributes
                0x00000000000004f9       0x2e /Applications/ARM/bin/../lib/gcc/arm-none-eabi/10.3.1/../../../../arm-none-eabi/lib/thumb/v7e-m/nofp/libg.a(lib_a-fini.o)
 .ARM.attributes
                0x0000000000000527       0x2e /Applications/ARM/bin/../lib/gcc/arm-none-eabi/10.3.1/../../../../arm-none-eabi/lib/thumb/v7e-m/nofp/libg.a(lib_a-lock.o)
 .ARM.attributes
                0x0000000000000555       0x2e /Applications/ARM/bin/../lib/gcc/arm-none-eabi/10.3.1/../../../../arm-none-eabi/lib/thumb/v7e-m/nofp/libg.a(lib_a-__atexit.o)
 .ARM.attributes
                0x0000000000000583       0x1e /Applications/ARM/bin/../lib/gcc/arm-none-eabi/10.3.1/thumb/v7e-m/nofp/crtn.o
OUTPUT(OLED_Display_for_STM32.elf elf32-littlearm)
LOAD linker stubs
LOAD /Applications/ARM/bin/../lib/gcc/arm-none-eabi/10.3.1/../../../../arm-none-eabi/lib/thumb/v7e-m/nofp/libc.a
LOAD /Applications/ARM/bin/../lib/gcc/arm-none-eabi/10.3.1/../../../../arm-none-eabi/lib/thumb/v7e-m/nofp/libm.a
LOAD /Applications/ARM/bin/../lib/gcc/arm-none-eabi/10.3.1/thumb/v7e-m/nofp/libgcc.a

.debug_info     0x0000000000000000    0x1197f
 .debug_info    0x0000000000000000      0x515 CMakeFiles/OLED_Display_for_STM32.elf.dir/Core/Src/gpio.c.obj
 .debug_info    0x0000000000000515      0x7d6 CMakeFiles/OLED_Display_for_STM32.elf.dir/Core/Src/main.c.obj
 .debug_info    0x0000000000000ceb      0xc7c CMakeFiles/OLED_Display_for_STM32.elf.dir/Core/Src/spi.c.obj
 .debug_info    0x0000000000001967      0x312 CMakeFiles/OLED_Display_for_STM32.elf.dir/Core/Src/stm32l4xx_hal_msp.c.obj
 .debug_info    0x0000000000001c79      0x691 CMakeFiles/OLED_Display_for_STM32.elf.dir/Core/Src/stm32l4xx_it.c.obj
 .debug_info    0x000000000000230a      0x433 CMakeFiles/OLED_Display_for_STM32.elf.dir/Core/Src/system_stm32l4xx.c.obj
 .debug_info    0x000000000000273d      0xd2b CMakeFiles/OLED_Display_for_STM32.elf.dir/Core/Src/usart.c.obj
 .debug_info    0x0000000000003468       0x22 CMakeFiles/OLED_Display_for_STM32.elf.dir/Core/Startup/startup_stm32l432kcux.s.obj
 .debug_info    0x000000000000348a     0x10c2 CMakeFiles/OLED_Display_for_STM32.elf.dir/Core/User/OLED/oled.c.obj
 .debug_info    0x000000000000454c      0xa57 CMakeFiles/OLED_Display_for_STM32.elf.dir/Drivers/STM32L4xx_HAL_Driver/Src/stm32l4xx_hal.c.obj
 .debug_info    0x0000000000004fa3     0x1020 CMakeFiles/OLED_Display_for_STM32.elf.dir/Drivers/STM32L4xx_HAL_Driver/Src/stm32l4xx_hal_cortex.c.obj
 .debug_info    0x0000000000005fc3      0x871 CMakeFiles/OLED_Display_for_STM32.elf.dir/Drivers/STM32L4xx_HAL_Driver/Src/stm32l4xx_hal_dma.c.obj
 .debug_info    0x0000000000006834      0x857 CMakeFiles/OLED_Display_for_STM32.elf.dir/Drivers/STM32L4xx_HAL_Driver/Src/stm32l4xx_hal_gpio.c.obj
 .debug_info    0x000000000000708b      0x999 CMakeFiles/OLED_Display_for_STM32.elf.dir/Drivers/STM32L4xx_HAL_Driver/Src/stm32l4xx_hal_pwr.c.obj
 .debug_info    0x0000000000007a24      0xa14 CMakeFiles/OLED_Display_for_STM32.elf.dir/Drivers/STM32L4xx_HAL_Driver/Src/stm32l4xx_hal_pwr_ex.c.obj
 .debug_info    0x0000000000008438      0xf0d CMakeFiles/OLED_Display_for_STM32.elf.dir/Drivers/STM32L4xx_HAL_Driver/Src/stm32l4xx_hal_rcc.c.obj
 .debug_info    0x0000000000009345     0x1208 CMakeFiles/OLED_Display_for_STM32.elf.dir/Drivers/STM32L4xx_HAL_Driver/Src/stm32l4xx_hal_rcc_ex.c.obj
 .debug_info    0x000000000000a54d     0x2189 CMakeFiles/OLED_Display_for_STM32.elf.dir/Drivers/STM32L4xx_HAL_Driver/Src/stm32l4xx_hal_spi.c.obj
 .debug_info    0x000000000000c6d6     0x52a9 CMakeFiles/OLED_Display_for_STM32.elf.dir/Drivers/STM32L4xx_HAL_Driver/Src/stm32l4xx_hal_uart.c.obj

.debug_abbrev   0x0000000000000000     0x237e
 .debug_abbrev  0x0000000000000000      0x14e CMakeFiles/OLED_Display_for_STM32.elf.dir/Core/Src/gpio.c.obj
 .debug_abbrev  0x000000000000014e      0x1c8 CMakeFiles/OLED_Display_for_STM32.elf.dir/Core/Src/main.c.obj
 .debug_abbrev  0x0000000000000316      0x1dc CMakeFiles/OLED_Display_for_STM32.elf.dir/Core/Src/spi.c.obj
 .debug_abbrev  0x00000000000004f2       0xbf CMakeFiles/OLED_Display_for_STM32.elf.dir/Core/Src/stm32l4xx_hal_msp.c.obj
 .debug_abbrev  0x00000000000005b1      0x165 CMakeFiles/OLED_Display_for_STM32.elf.dir/Core/Src/stm32l4xx_it.c.obj
 .debug_abbrev  0x0000000000000716      0x119 CMakeFiles/OLED_Display_for_STM32.elf.dir/Core/Src/system_stm32l4xx.c.obj
 .debug_abbrev  0x000000000000082f      0x1eb CMakeFiles/OLED_Display_for_STM32.elf.dir/Core/Src/usart.c.obj
 .debug_abbrev  0x0000000000000a1a       0x12 CMakeFiles/OLED_Display_for_STM32.elf.dir/Core/Startup/startup_stm32l432kcux.s.obj
 .debug_abbrev  0x0000000000000a2c      0x24c CMakeFiles/OLED_Display_for_STM32.elf.dir/Core/User/OLED/oled.c.obj
 .debug_abbrev  0x0000000000000c78      0x219 CMakeFiles/OLED_Display_for_STM32.elf.dir/Drivers/STM32L4xx_HAL_Driver/Src/stm32l4xx_hal.c.obj
 .debug_abbrev  0x0000000000000e91      0x36a CMakeFiles/OLED_Display_for_STM32.elf.dir/Drivers/STM32L4xx_HAL_Driver/Src/stm32l4xx_hal_cortex.c.obj
 .debug_abbrev  0x00000000000011fb      0x21a CMakeFiles/OLED_Display_for_STM32.elf.dir/Drivers/STM32L4xx_HAL_Driver/Src/stm32l4xx_hal_dma.c.obj
 .debug_abbrev  0x0000000000001415      0x1e6 CMakeFiles/OLED_Display_for_STM32.elf.dir/Drivers/STM32L4xx_HAL_Driver/Src/stm32l4xx_hal_gpio.c.obj
 .debug_abbrev  0x00000000000015fb      0x187 CMakeFiles/OLED_Display_for_STM32.elf.dir/Drivers/STM32L4xx_HAL_Driver/Src/stm32l4xx_hal_pwr.c.obj
 .debug_abbrev  0x0000000000001782      0x215 CMakeFiles/OLED_Display_for_STM32.elf.dir/Drivers/STM32L4xx_HAL_Driver/Src/stm32l4xx_hal_pwr_ex.c.obj
 .debug_abbrev  0x0000000000001997      0x251 CMakeFiles/OLED_Display_for_STM32.elf.dir/Drivers/STM32L4xx_HAL_Driver/Src/stm32l4xx_hal_rcc.c.obj
 .debug_abbrev  0x0000000000001be8      0x275 CMakeFiles/OLED_Display_for_STM32.elf.dir/Drivers/STM32L4xx_HAL_Driver/Src/stm32l4xx_hal_rcc_ex.c.obj
 .debug_abbrev  0x0000000000001e5d      0x248 CMakeFiles/OLED_Display_for_STM32.elf.dir/Drivers/STM32L4xx_HAL_Driver/Src/stm32l4xx_hal_spi.c.obj
 .debug_abbrev  0x00000000000020a5      0x2d9 CMakeFiles/OLED_Display_for_STM32.elf.dir/Drivers/STM32L4xx_HAL_Driver/Src/stm32l4xx_hal_uart.c.obj

.debug_aranges  0x0000000000000000      0xbc8
 .debug_aranges
                0x0000000000000000       0x20 CMakeFiles/OLED_Display_for_STM32.elf.dir/Core/Src/gpio.c.obj
 .debug_aranges
                0x0000000000000020       0x30 CMakeFiles/OLED_Display_for_STM32.elf.dir/Core/Src/main.c.obj
 .debug_aranges
                0x0000000000000050       0x30 CMakeFiles/OLED_Display_for_STM32.elf.dir/Core/Src/spi.c.obj
 .debug_aranges
                0x0000000000000080       0x20 CMakeFiles/OLED_Display_for_STM32.elf.dir/Core/Src/stm32l4xx_hal_msp.c.obj
 .debug_aranges
                0x00000000000000a0       0x68 CMakeFiles/OLED_Display_for_STM32.elf.dir/Core/Src/stm32l4xx_it.c.obj
 .debug_aranges
                0x0000000000000108       0x28 CMakeFiles/OLED_Display_for_STM32.elf.dir/Core/Src/system_stm32l4xx.c.obj
 .debug_aranges
                0x0000000000000130       0x30 CMakeFiles/OLED_Display_for_STM32.elf.dir/Core/Src/usart.c.obj
 .debug_aranges
                0x0000000000000160       0x28 CMakeFiles/OLED_Display_for_STM32.elf.dir/Core/Startup/startup_stm32l432kcux.s.obj
 .debug_aranges
                0x0000000000000188       0x78 CMakeFiles/OLED_Display_for_STM32.elf.dir/Core/User/OLED/oled.c.obj
 .debug_aranges
                0x0000000000000200      0x108 CMakeFiles/OLED_Display_for_STM32.elf.dir/Drivers/STM32L4xx_HAL_Driver/Src/stm32l4xx_hal.c.obj
 .debug_aranges
                0x0000000000000308       0xa8 CMakeFiles/OLED_Display_for_STM32.elf.dir/Drivers/STM32L4xx_HAL_Driver/Src/stm32l4xx_hal_cortex.c.obj
 .debug_aranges
                0x00000000000003b0       0x80 CMakeFiles/OLED_Display_for_STM32.elf.dir/Drivers/STM32L4xx_HAL_Driver/Src/stm32l4xx_hal_dma.c.obj
 .debug_aranges
                0x0000000000000430       0x58 CMakeFiles/OLED_Display_for_STM32.elf.dir/Drivers/STM32L4xx_HAL_Driver/Src/stm32l4xx_hal_gpio.c.obj
 .debug_aranges
                0x0000000000000488       0x98 CMakeFiles/OLED_Display_for_STM32.elf.dir/Drivers/STM32L4xx_HAL_Driver/Src/stm32l4xx_hal_pwr.c.obj
 .debug_aranges
                0x0000000000000520      0x128 CMakeFiles/OLED_Display_for_STM32.elf.dir/Drivers/STM32L4xx_HAL_Driver/Src/stm32l4xx_hal_pwr_ex.c.obj
 .debug_aranges
                0x0000000000000648       0x90 CMakeFiles/OLED_Display_for_STM32.elf.dir/Drivers/STM32L4xx_HAL_Driver/Src/stm32l4xx_hal_rcc.c.obj
 .debug_aranges
                0x00000000000006d8       0xf0 CMakeFiles/OLED_Display_for_STM32.elf.dir/Drivers/STM32L4xx_HAL_Driver/Src/stm32l4xx_hal_rcc_ex.c.obj
 .debug_aranges
                0x00000000000007c8      0x1d8 CMakeFiles/OLED_Display_for_STM32.elf.dir/Drivers/STM32L4xx_HAL_Driver/Src/stm32l4xx_hal_spi.c.obj
 .debug_aranges
                0x00000000000009a0      0x228 CMakeFiles/OLED_Display_for_STM32.elf.dir/Drivers/STM32L4xx_HAL_Driver/Src/stm32l4xx_hal_uart.c.obj

.debug_ranges   0x0000000000000000      0xb60
 .debug_ranges  0x0000000000000000       0x10 CMakeFiles/OLED_Display_for_STM32.elf.dir/Core/Src/gpio.c.obj
 .debug_ranges  0x0000000000000010       0x20 CMakeFiles/OLED_Display_for_STM32.elf.dir/Core/Src/main.c.obj
 .debug_ranges  0x0000000000000030       0x20 CMakeFiles/OLED_Display_for_STM32.elf.dir/Core/Src/spi.c.obj
 .debug_ranges  0x0000000000000050       0x10 CMakeFiles/OLED_Display_for_STM32.elf.dir/Core/Src/stm32l4xx_hal_msp.c.obj
 .debug_ranges  0x0000000000000060       0x58 CMakeFiles/OLED_Display_for_STM32.elf.dir/Core/Src/stm32l4xx_it.c.obj
 .debug_ranges  0x00000000000000b8       0x18 CMakeFiles/OLED_Display_for_STM32.elf.dir/Core/Src/system_stm32l4xx.c.obj
 .debug_ranges  0x00000000000000d0       0x20 CMakeFiles/OLED_Display_for_STM32.elf.dir/Core/Src/usart.c.obj
 .debug_ranges  0x00000000000000f0       0x20 CMakeFiles/OLED_Display_for_STM32.elf.dir/Core/Startup/startup_stm32l432kcux.s.obj
 .debug_ranges  0x0000000000000110       0x80 CMakeFiles/OLED_Display_for_STM32.elf.dir/Core/User/OLED/oled.c.obj
 .debug_ranges  0x0000000000000190       0xf8 CMakeFiles/OLED_Display_for_STM32.elf.dir/Drivers/STM32L4xx_HAL_Driver/Src/stm32l4xx_hal.c.obj
 .debug_ranges  0x0000000000000288       0xf8 CMakeFiles/OLED_Display_for_STM32.elf.dir/Drivers/STM32L4xx_HAL_Driver/Src/stm32l4xx_hal_cortex.c.obj
 .debug_ranges  0x0000000000000380       0x70 CMakeFiles/OLED_Display_for_STM32.elf.dir/Drivers/STM32L4xx_HAL_Driver/Src/stm32l4xx_hal_dma.c.obj
 .debug_ranges  0x00000000000003f0       0x48 CMakeFiles/OLED_Display_for_STM32.elf.dir/Drivers/STM32L4xx_HAL_Driver/Src/stm32l4xx_hal_gpio.c.obj
 .debug_ranges  0x0000000000000438       0x88 CMakeFiles/OLED_Display_for_STM32.elf.dir/Drivers/STM32L4xx_HAL_Driver/Src/stm32l4xx_hal_pwr.c.obj
 .debug_ranges  0x00000000000004c0      0x118 CMakeFiles/OLED_Display_for_STM32.elf.dir/Drivers/STM32L4xx_HAL_Driver/Src/stm32l4xx_hal_pwr_ex.c.obj
 .debug_ranges  0x00000000000005d8       0x98 CMakeFiles/OLED_Display_for_STM32.elf.dir/Drivers/STM32L4xx_HAL_Driver/Src/stm32l4xx_hal_rcc.c.obj
 .debug_ranges  0x0000000000000670       0xf8 CMakeFiles/OLED_Display_for_STM32.elf.dir/Drivers/STM32L4xx_HAL_Driver/Src/stm32l4xx_hal_rcc_ex.c.obj
 .debug_ranges  0x0000000000000768      0x1c8 CMakeFiles/OLED_Display_for_STM32.elf.dir/Drivers/STM32L4xx_HAL_Driver/Src/stm32l4xx_hal_spi.c.obj
 .debug_ranges  0x0000000000000930      0x230 CMakeFiles/OLED_Display_for_STM32.elf.dir/Drivers/STM32L4xx_HAL_Driver/Src/stm32l4xx_hal_uart.c.obj

.debug_line     0x0000000000000000     0xe9ce
 .debug_line    0x0000000000000000      0x235 CMakeFiles/OLED_Display_for_STM32.elf.dir/Core/Src/gpio.c.obj
 .debug_line    0x0000000000000235      0x4ae CMakeFiles/OLED_Display_for_STM32.elf.dir/Core/Src/main.c.obj
 .debug_line    0x00000000000006e3      0x3a4 CMakeFiles/OLED_Display_for_STM32.elf.dir/Core/Src/spi.c.obj
 .debug_line    0x0000000000000a87      0x183 CMakeFiles/OLED_Display_for_STM32.elf.dir/Core/Src/stm32l4xx_hal_msp.c.obj
 .debug_line    0x0000000000000c0a      0x32e CMakeFiles/OLED_Display_for_STM32.elf.dir/Core/Src/stm32l4xx_it.c.obj
 .debug_line    0x0000000000000f38      0x28f CMakeFiles/OLED_Display_for_STM32.elf.dir/Core/Src/system_stm32l4xx.c.obj
 .debug_line    0x00000000000011c7      0x3e2 CMakeFiles/OLED_Display_for_STM32.elf.dir/Core/Src/usart.c.obj
 .debug_line    0x00000000000015a9       0xba CMakeFiles/OLED_Display_for_STM32.elf.dir/Core/Startup/startup_stm32l432kcux.s.obj
 .debug_line    0x0000000000001663      0x69c CMakeFiles/OLED_Display_for_STM32.elf.dir/Core/User/OLED/oled.c.obj
 .debug_line    0x0000000000001cff      0x67c CMakeFiles/OLED_Display_for_STM32.elf.dir/Drivers/STM32L4xx_HAL_Driver/Src/stm32l4xx_hal.c.obj
 .debug_line    0x000000000000237b      0x7ff CMakeFiles/OLED_Display_for_STM32.elf.dir/Drivers/STM32L4xx_HAL_Driver/Src/stm32l4xx_hal_cortex.c.obj
 .debug_line    0x0000000000002b7a      0xa98 CMakeFiles/OLED_Display_for_STM32.elf.dir/Drivers/STM32L4xx_HAL_Driver/Src/stm32l4xx_hal_dma.c.obj
 .debug_line    0x0000000000003612      0x6bb CMakeFiles/OLED_Display_for_STM32.elf.dir/Drivers/STM32L4xx_HAL_Driver/Src/stm32l4xx_hal_gpio.c.obj
 .debug_line    0x0000000000003ccd      0x4a6 CMakeFiles/OLED_Display_for_STM32.elf.dir/Drivers/STM32L4xx_HAL_Driver/Src/stm32l4xx_hal_pwr.c.obj
 .debug_line    0x0000000000004173      0x955 CMakeFiles/OLED_Display_for_STM32.elf.dir/Drivers/STM32L4xx_HAL_Driver/Src/stm32l4xx_hal_pwr_ex.c.obj
 .debug_line    0x0000000000004ac8      0xfab CMakeFiles/OLED_Display_for_STM32.elf.dir/Drivers/STM32L4xx_HAL_Driver/Src/stm32l4xx_hal_rcc.c.obj
 .debug_line    0x0000000000005a73     0x131d CMakeFiles/OLED_Display_for_STM32.elf.dir/Drivers/STM32L4xx_HAL_Driver/Src/stm32l4xx_hal_rcc_ex.c.obj
 .debug_line    0x0000000000006d90     0x2a20 CMakeFiles/OLED_Display_for_STM32.elf.dir/Drivers/STM32L4xx_HAL_Driver/Src/stm32l4xx_hal_spi.c.obj
 .debug_line    0x00000000000097b0     0x521e CMakeFiles/OLED_Display_for_STM32.elf.dir/Drivers/STM32L4xx_HAL_Driver/Src/stm32l4xx_hal_uart.c.obj

.debug_str      0x0000000000000000     0x3d9f
 .debug_str     0x0000000000000000      0x3c2 CMakeFiles/OLED_Display_for_STM32.elf.dir/Core/Src/gpio.c.obj
                                        0x412 (size before relaxing)
 .debug_str     0x00000000000003c2      0x2e9 CMakeFiles/OLED_Display_for_STM32.elf.dir/Core/Src/main.c.obj
                                        0x647 (size before relaxing)
 .debug_str     0x00000000000006ab      0x7f9 CMakeFiles/OLED_Display_for_STM32.elf.dir/Core/Src/spi.c.obj
                                        0xc42 (size before relaxing)
 .debug_str     0x0000000000000ea4       0x5e CMakeFiles/OLED_Display_for_STM32.elf.dir/Core/Src/stm32l4xx_hal_msp.c.obj
                                        0x361 (size before relaxing)
 .debug_str     0x0000000000000f02      0x10c CMakeFiles/OLED_Display_for_STM32.elf.dir/Core/Src/stm32l4xx_it.c.obj
                                        0x6b0 (size before relaxing)
 .debug_str     0x000000000000100e       0xd0 CMakeFiles/OLED_Display_for_STM32.elf.dir/Core/Src/system_stm32l4xx.c.obj
                                        0x3de (size before relaxing)
 .debug_str     0x00000000000010de      0x3f5 CMakeFiles/OLED_Display_for_STM32.elf.dir/Core/Src/usart.c.obj
                                        0xa61 (size before relaxing)
 .debug_str     0x00000000000014d3       0x68 CMakeFiles/OLED_Display_for_STM32.elf.dir/Core/Startup/startup_stm32l432kcux.s.obj
                                         0xaf (size before relaxing)
 .debug_str     0x000000000000153b      0x108 CMakeFiles/OLED_Display_for_STM32.elf.dir/Core/User/OLED/oled.c.obj
                                        0x767 (size before relaxing)
 .debug_str     0x0000000000001643      0x402 CMakeFiles/OLED_Display_for_STM32.elf.dir/Drivers/STM32L4xx_HAL_Driver/Src/stm32l4xx_hal.c.obj
                                        0xb5b (size before relaxing)
 .debug_str     0x0000000000001a45      0x4ad CMakeFiles/OLED_Display_for_STM32.elf.dir/Drivers/STM32L4xx_HAL_Driver/Src/stm32l4xx_hal_cortex.c.obj
                                        0xb60 (size before relaxing)
 .debug_str     0x0000000000001ef2      0x29e CMakeFiles/OLED_Display_for_STM32.elf.dir/Drivers/STM32L4xx_HAL_Driver/Src/stm32l4xx_hal_dma.c.obj
                                        0x699 (size before relaxing)
 .debug_str     0x0000000000002190      0x13e CMakeFiles/OLED_Display_for_STM32.elf.dir/Drivers/STM32L4xx_HAL_Driver/Src/stm32l4xx_hal_gpio.c.obj
                                        0x594 (size before relaxing)
 .debug_str     0x00000000000022ce      0x2e1 CMakeFiles/OLED_Display_for_STM32.elf.dir/Drivers/STM32L4xx_HAL_Driver/Src/stm32l4xx_hal_pwr.c.obj
                                        0x6e6 (size before relaxing)
 .debug_str     0x00000000000025af      0x3f5 CMakeFiles/OLED_Display_for_STM32.elf.dir/Drivers/STM32L4xx_HAL_Driver/Src/stm32l4xx_hal_pwr_ex.c.obj
                                        0x7f5 (size before relaxing)
 .debug_str     0x00000000000029a4      0x24f CMakeFiles/OLED_Display_for_STM32.elf.dir/Drivers/STM32L4xx_HAL_Driver/Src/stm32l4xx_hal_rcc.c.obj
                                        0x8af (size before relaxing)
 .debug_str     0x0000000000002bf3      0x45c CMakeFiles/OLED_Display_for_STM32.elf.dir/Drivers/STM32L4xx_HAL_Driver/Src/stm32l4xx_hal_rcc_ex.c.obj
                                        0xbb5 (size before relaxing)
 .debug_str     0x000000000000304f      0x581 CMakeFiles/OLED_Display_for_STM32.elf.dir/Drivers/STM32L4xx_HAL_Driver/Src/stm32l4xx_hal_spi.c.obj
                                        0xc37 (size before relaxing)
 .debug_str     0x00000000000035d0      0x7cf CMakeFiles/OLED_Display_for_STM32.elf.dir/Drivers/STM32L4xx_HAL_Driver/Src/stm32l4xx_hal_uart.c.obj
                                       0x106d (size before relaxing)

.comment        0x0000000000000000       0x49
 .comment       0x0000000000000000       0x49 CMakeFiles/OLED_Display_for_STM32.elf.dir/Core/Src/gpio.c.obj
                                         0x4a (size before relaxing)
 .comment       0x0000000000000049       0x4a CMakeFiles/OLED_Display_for_STM32.elf.dir/Core/Src/main.c.obj
 .comment       0x0000000000000049       0x4a CMakeFiles/OLED_Display_for_STM32.elf.dir/Core/Src/spi.c.obj
 .comment       0x0000000000000049       0x4a CMakeFiles/OLED_Display_for_STM32.elf.dir/Core/Src/stm32l4xx_hal_msp.c.obj
 .comment       0x0000000000000049       0x4a CMakeFiles/OLED_Display_for_STM32.elf.dir/Core/Src/stm32l4xx_it.c.obj
 .comment       0x0000000000000049       0x4a CMakeFiles/OLED_Display_for_STM32.elf.dir/Core/Src/system_stm32l4xx.c.obj
 .comment       0x0000000000000049       0x4a CMakeFiles/OLED_Display_for_STM32.elf.dir/Core/Src/usart.c.obj
 .comment       0x0000000000000049       0x4a CMakeFiles/OLED_Display_for_STM32.elf.dir/Core/User/OLED/oled.c.obj
 .comment       0x0000000000000049       0x4a CMakeFiles/OLED_Display_for_STM32.elf.dir/Drivers/STM32L4xx_HAL_Driver/Src/stm32l4xx_hal.c.obj
 .comment       0x0000000000000049       0x4a CMakeFiles/OLED_Display_for_STM32.elf.dir/Drivers/STM32L4xx_HAL_Driver/Src/stm32l4xx_hal_cortex.c.obj
 .comment       0x0000000000000049       0x4a CMakeFiles/OLED_Display_for_STM32.elf.dir/Drivers/STM32L4xx_HAL_Driver/Src/stm32l4xx_hal_dma.c.obj
 .comment       0x0000000000000049       0x4a CMakeFiles/OLED_Display_for_STM32.elf.dir/Drivers/STM32L4xx_HAL_Driver/Src/stm32l4xx_hal_gpio.c.obj
 .comment       0x0000000000000049       0x4a CMakeFiles/OLED_Display_for_STM32.elf.dir/Drivers/STM32L4xx_HAL_Driver/Src/stm32l4xx_hal_pwr.c.obj
 .comment       0x0000000000000049       0x4a CMakeFiles/OLED_Display_for_STM32.elf.dir/Drivers/STM32L4xx_HAL_Driver/Src/stm32l4xx_hal_pwr_ex.c.obj
 .comment       0x0000000000000049       0x4a CMakeFiles/OLED_Display_for_STM32.elf.dir/Drivers/STM32L4xx_HAL_Driver/Src/stm32l4xx_hal_rcc.c.obj
 .comment       0x0000000000000049       0x4a CMakeFiles/OLED_Display_for_STM32.elf.dir/Drivers/STM32L4xx_HAL_Driver/Src/stm32l4xx_hal_rcc_ex.c.obj
 .comment       0x0000000000000049       0x4a CMakeFiles/OLED_Display_for_STM32.elf.dir/Drivers/STM32L4xx_HAL_Driver/Src/stm32l4xx_hal_spi.c.obj
 .comment       0x0000000000000049       0x4a CMakeFiles/OLED_Display_for_STM32.elf.dir/Drivers/STM32L4xx_HAL_Driver/Src/stm32l4xx_hal_uart.c.obj

.debug_frame    0x0000000000000000     0x1ed0
 .debug_frame   0x0000000000000000       0x34 CMakeFiles/OLED_Display_for_STM32.elf.dir/Core/Src/gpio.c.obj
 .debug_frame   0x0000000000000034       0x58 CMakeFiles/OLED_Display_for_STM32.elf.dir/Core/Src/main.c.obj
 .debug_frame   0x000000000000008c       0x60 CMakeFiles/OLED_Display_for_STM32.elf.dir/Core/Src/spi.c.obj
 .debug_frame   0x00000000000000ec       0x28 CMakeFiles/OLED_Display_for_STM32.elf.dir/Core/Src/stm32l4xx_hal_msp.c.obj
 .debug_frame   0x0000000000000114       0xc0 CMakeFiles/OLED_Display_for_STM32.elf.dir/Core/Src/stm32l4xx_it.c.obj
 .debug_frame   0x00000000000001d4       0x30 CMakeFiles/OLED_Display_for_STM32.elf.dir/Core/Src/system_stm32l4xx.c.obj
 .debug_frame   0x0000000000000204       0x68 CMakeFiles/OLED_Display_for_STM32.elf.dir/Core/Src/usart.c.obj
 .debug_frame   0x000000000000026c      0x154 CMakeFiles/OLED_Display_for_STM32.elf.dir/Core/User/OLED/oled.c.obj
 .debug_frame   0x00000000000003c0      0x21c CMakeFiles/OLED_Display_for_STM32.elf.dir/Drivers/STM32L4xx_HAL_Driver/Src/stm32l4xx_hal.c.obj
 .debug_frame   0x00000000000005dc      0x148 CMakeFiles/OLED_Display_for_STM32.elf.dir/Drivers/STM32L4xx_HAL_Driver/Src/stm32l4xx_hal_cortex.c.obj
 .debug_frame   0x0000000000000724      0x14c CMakeFiles/OLED_Display_for_STM32.elf.dir/Drivers/STM32L4xx_HAL_Driver/Src/stm32l4xx_hal_dma.c.obj
 .debug_frame   0x0000000000000870       0xd0 CMakeFiles/OLED_Display_for_STM32.elf.dir/Drivers/STM32L4xx_HAL_Driver/Src/stm32l4xx_hal_gpio.c.obj
 .debug_frame   0x0000000000000940      0x120 CMakeFiles/OLED_Display_for_STM32.elf.dir/Drivers/STM32L4xx_HAL_Driver/Src/stm32l4xx_hal_pwr.c.obj
 .debug_frame   0x0000000000000a60      0x248 CMakeFiles/OLED_Display_for_STM32.elf.dir/Drivers/STM32L4xx_HAL_Driver/Src/stm32l4xx_hal_pwr_ex.c.obj
 .debug_frame   0x0000000000000ca8      0x19c CMakeFiles/OLED_Display_for_STM32.elf.dir/Drivers/STM32L4xx_HAL_Driver/Src/stm32l4xx_hal_rcc.c.obj
 .debug_frame   0x0000000000000e44      0x248 CMakeFiles/OLED_Display_for_STM32.elf.dir/Drivers/STM32L4xx_HAL_Driver/Src/stm32l4xx_hal_rcc_ex.c.obj
 .debug_frame   0x000000000000108c      0x5f8 CMakeFiles/OLED_Display_for_STM32.elf.dir/Drivers/STM32L4xx_HAL_Driver/Src/stm32l4xx_hal_spi.c.obj
 .debug_frame   0x0000000000001684      0x600 CMakeFiles/OLED_Display_for_STM32.elf.dir/Drivers/STM32L4xx_HAL_Driver/Src/stm32l4xx_hal_uart.c.obj
 .debug_frame   0x0000000000001c84       0x2c /Applications/ARM/bin/../lib/gcc/arm-none-eabi/10.3.1/thumb/v7e-m/nofp/libgcc.a(_aeabi_uldivmod.o)
 .debug_frame   0x0000000000001cb0       0x34 /Applications/ARM/bin/../lib/gcc/arm-none-eabi/10.3.1/thumb/v7e-m/nofp/libgcc.a(_udivmoddi4.o)
 .debug_frame   0x0000000000001ce4       0x2c /Applications/ARM/bin/../lib/gcc/arm-none-eabi/10.3.1/../../../../arm-none-eabi/lib/thumb/v7e-m/nofp/libg.a(lib_a-init.o)
 .debug_frame   0x0000000000001d10       0x2c /Applications/ARM/bin/../lib/gcc/arm-none-eabi/10.3.1/../../../../arm-none-eabi/lib/thumb/v7e-m/nofp/libg.a(lib_a-memset.o)
 .debug_frame   0x0000000000001d3c       0x5c /Applications/ARM/bin/../lib/gcc/arm-none-eabi/10.3.1/../../../../arm-none-eabi/lib/thumb/v7e-m/nofp/libg.a(lib_a-__call_atexit.o)
 .debug_frame   0x0000000000001d98       0x20 /Applications/ARM/bin/../lib/gcc/arm-none-eabi/10.3.1/../../../../arm-none-eabi/lib/thumb/v7e-m/nofp/libg.a(lib_a-atexit.o)
 .debug_frame   0x0000000000001db8       0x34 /Applications/ARM/bin/../lib/gcc/arm-none-eabi/10.3.1/../../../../arm-none-eabi/lib/thumb/v7e-m/nofp/libg.a(lib_a-fini.o)
 .debug_frame   0x0000000000001dec       0xb0 /Applications/ARM/bin/../lib/gcc/arm-none-eabi/10.3.1/../../../../arm-none-eabi/lib/thumb/v7e-m/nofp/libg.a(lib_a-lock.o)
 .debug_frame   0x0000000000001e9c       0x34 /Applications/ARM/bin/../lib/gcc/arm-none-eabi/10.3.1/../../../../arm-none-eabi/lib/thumb/v7e-m/nofp/libg.a(lib_a-__atexit.o)

.debug_loc      0x0000000000000000     0xb29e
 .debug_loc     0x0000000000000000       0x84 CMakeFiles/OLED_Display_for_STM32.elf.dir/Core/Src/spi.c.obj
 .debug_loc     0x0000000000000084      0x127 CMakeFiles/OLED_Display_for_STM32.elf.dir/Core/Src/system_stm32l4xx.c.obj
 .debug_loc     0x00000000000001ab       0x9e CMakeFiles/OLED_Display_for_STM32.elf.dir/Core/Src/usart.c.obj
 .debug_loc     0x0000000000000249      0x5d4 CMakeFiles/OLED_Display_for_STM32.elf.dir/Core/User/OLED/oled.c.obj
 .debug_loc     0x000000000000081d      0x1cd CMakeFiles/OLED_Display_for_STM32.elf.dir/Drivers/STM32L4xx_HAL_Driver/Src/stm32l4xx_hal.c.obj
 .debug_loc     0x00000000000009ea      0x744 CMakeFiles/OLED_Display_for_STM32.elf.dir/Drivers/STM32L4xx_HAL_Driver/Src/stm32l4xx_hal_cortex.c.obj
 .debug_loc     0x000000000000112e      0x7ee CMakeFiles/OLED_Display_for_STM32.elf.dir/Drivers/STM32L4xx_HAL_Driver/Src/stm32l4xx_hal_dma.c.obj
 .debug_loc     0x000000000000191c      0x3b3 CMakeFiles/OLED_Display_for_STM32.elf.dir/Drivers/STM32L4xx_HAL_Driver/Src/stm32l4xx_hal_gpio.c.obj
 .debug_loc     0x0000000000001ccf      0x1b1 CMakeFiles/OLED_Display_for_STM32.elf.dir/Drivers/STM32L4xx_HAL_Driver/Src/stm32l4xx_hal_pwr.c.obj
 .debug_loc     0x0000000000001e80      0x70f CMakeFiles/OLED_Display_for_STM32.elf.dir/Drivers/STM32L4xx_HAL_Driver/Src/stm32l4xx_hal_pwr_ex.c.obj
 .debug_loc     0x000000000000258f      0x850 CMakeFiles/OLED_Display_for_STM32.elf.dir/Drivers/STM32L4xx_HAL_Driver/Src/stm32l4xx_hal_rcc.c.obj
 .debug_loc     0x0000000000002ddf     0x1703 CMakeFiles/OLED_Display_for_STM32.elf.dir/Drivers/STM32L4xx_HAL_Driver/Src/stm32l4xx_hal_rcc_ex.c.obj
 .debug_loc     0x00000000000044e2     0x21e4 CMakeFiles/OLED_Display_for_STM32.elf.dir/Drivers/STM32L4xx_HAL_Driver/Src/stm32l4xx_hal_spi.c.obj
 .debug_loc     0x00000000000066c6     0x4bd8 CMakeFiles/OLED_Display_for_STM32.elf.dir/Drivers/STM32L4xx_HAL_Driver/Src/stm32l4xx_hal_uart.c.obj
